// Jest Snapshot v1, https://goo.gl/fbAQLP

exports[`SearchFilter matches snapshot 1`] = `
<WithStyles(FilterContainer)
  contentClasses="search-filter"
>
  <div
    className="search-filter__text font-bold"
  >
    10
     movies found
  </div>
  <div
    className="search-filter__toolbar"
  >
    <div
      className="search-filter__text text-right font-bold"
    >
      Sort by
    </div>
    <WithStyles(Button)
      color="secondary"
      size="small"
    >
      release date
    </WithStyles(Button)>
    <WithStyles(Button)
      color="primary"
      size="small"
    >
      rating
    </WithStyles(Button)>
  </div>
</WithStyles(FilterContainer)>
`;
